#!/bin/sh
# containarium managed-cluster worker bootstrap (#1414).
# The k3s binary and the join token are pre-pushed.
set -eu

chmod 0755 /usr/local/bin/k3s
chmod 0600 /etc/containarium/k3s-agent-token

cat > /etc/systemd/system/k3s-agent.service <<'UNIT'
[Unit]
Description=containarium managed k3s agent
After=network-online.target
Wants=network-online.target

[Service]
Type=notify
ExecStartPre=/bin/sh -c '[ -e /dev/kmsg ] || ln -s /dev/console /dev/kmsg'
ExecStart=/usr/local/bin/k3s agent --server https://10.166.11.5:6443 --token-file /etc/containarium/k3s-agent-token
Restart=always
RestartSec=5
LimitNOFILE=1048576

[Install]
WantedBy=multi-user.target
UNIT

systemctl daemon-reload
systemctl enable --now k3s-agent.service
