#!/bin/sh
# containarium managed-cluster control-plane bootstrap (#1414).
# The k3s binary is pre-pushed; this script only wires and starts it.
set -eu

chmod 0755 /usr/local/bin/k3s

cat > /etc/systemd/system/k3s.service <<'UNIT'
[Unit]
Description=containarium managed k3s server
After=network-online.target
Wants=network-online.target

[Service]
Type=notify
ExecStartPre=/bin/sh -c '[ -e /dev/kmsg ] || ln -s /dev/console /dev/kmsg'
ExecStart=/usr/local/bin/k3s server --disable traefik --node-taint node-role.kubernetes.io/control-plane=:NoSchedule --write-kubeconfig-mode 0600 --tls-san 10.166.11.5 --tls-san 203.0.113.10
Restart=always
RestartSec=5
LimitNOFILE=1048576

[Install]
WantedBy=multi-user.target
UNIT

systemctl daemon-reload
systemctl enable --now k3s.service

# containerd's CRI plugin makes runc write sysctls an unprivileged
# container may not touch, killing every pod sandbox. Derive the config
# template from the config k3s just generated, with the two toggles
# flipped -- a hand-written template would re-declare a table the base
# template already emits, which is invalid TOML (#1444).
i=0
until [ -s /var/lib/rancher/k3s/agent/etc/containerd/config.toml ]; do
  i=$((i+1))
  [ "$i" -gt 120 ] && { echo "containerd config /var/lib/rancher/k3s/agent/etc/containerd/config.toml was never generated" >&2; exit 1; }
  sleep 2
done
sed -e 's/enable_unprivileged_ports = true/enable_unprivileged_ports = false/' -e 's/enable_unprivileged_icmp = true/enable_unprivileged_icmp = false/' /var/lib/rancher/k3s/agent/etc/containerd/config.toml > /var/lib/rancher/k3s/agent/etc/containerd/config-v3.toml.tmpl
grep -q 'enable_unprivileged_ports = false' /var/lib/rancher/k3s/agent/etc/containerd/config-v3.toml.tmpl || { echo "derived containerd template does not disable enable_unprivileged_ports" >&2; exit 1; }
grep -q 'enable_unprivileged_icmp = false' /var/lib/rancher/k3s/agent/etc/containerd/config-v3.toml.tmpl || { echo "derived containerd template does not disable enable_unprivileged_icmp" >&2; exit 1; }
systemctl restart k3s.service

# Bootstrap is done when the admin kubeconfig and the join token exist.
i=0
until [ -s /etc/rancher/k3s/k3s.yaml ] && [ -s /var/lib/rancher/k3s/server/node-token ]; do
  i=$((i+1))
  [ "$i" -gt 120 ] && { echo "k3s server did not come up" >&2; exit 1; }
  sleep 2
done
